$ 
set -e
if command -v apt-get >/dev/null 2>&1; then
  apt-get update
  DEBIAN_FRONTEND=noninteractive apt-get install -y --no-install-recommends apache2
  # On slim images Apache wants /etc/apache2/envvars + the default site
  # alias; both ship with the package.
  service apache2 start || /usr/sbin/apache2ctl start
elif command -v apk >/dev/null 2>&1; then
  apk add --no-cache apache2
  httpd -k start
else
  echo "no supported package manager for apache install" 1>&2
  exit 1
fi
sleep 1
(ss -lnt 2>/dev/null || netstat -lnt 2>/dev/null) | grep :80
echo apache_default_site_done

exit_code: 1
--- stdout ---
Hit:1 http://deb.debian.org/debian trixie InRelease
Hit:2 http://deb.debian.org/debian trixie-updates InRelease
Hit:3 http://deb.debian.org/debian-security trixie-security InRelease
Reading package lists...
Reading package lists...
Building dependency tree...
Reading state information...
The following additional packages will be installed:
  apache2-bin apache2-data apache2-utils libapr1t64 libaprutil1-dbd-sqlite3
  libaprutil1-ldap libaprutil1t64 libbrotli1 libcurl4t64 libexpat1
  libgdbm-compat4t64 libgnutls30t64 libidn2-0 libjansson4 libldap2 liblua5.4-0
  libnghttp2-14 libnghttp3-9 libp11-kit0 libperl5.40 libpsl5t64 librtmp1
  libsasl2-2 libsasl2-modules-db libssh2-1t64 libtasn1-6 libunistring5 libxml2
  media-types perl perl-modules-5.40
Suggested packages:
  apache2-doc apache2-suexec-pristine | apache2-suexec-custom ufw www-browser
  gnutls-bin perl-doc libterm-readline-gnu-perl | libterm-readline-perl-perl
  make libtap-harness-archive-perl
Recommended packages:
  ssl-cert libldap-common publicsuffix libsasl2-modules
The following NEW packages will be installed:
  apache2 apache2-bin apache2-data apache2-utils libapr1t64
  libaprutil1-dbd-sqlite3 libaprutil1-ldap libaprutil1t64 libbrotli1
  libcurl4t64 libexpat1 libgdbm-compat4t64 libgnutls30t64 libidn2-0
  libjansson4 libldap2 liblua5.4-0 libnghttp2-14 libnghttp3-9 libp11-kit0
  libperl5.40 libpsl5t64 librtmp1 libsasl2-2 libsasl2-modules-db libssh2-1t64
  libtasn1-6 libunistring5 libxml2 media-types perl perl-modules-5.40
0 upgraded, 32 newly installed, 0 to remove and 0 not upgraded.
Need to get 14.3 MB of archives.
After this operation, 82.9 MB of additional disk space will be used.
Get:1 http://deb.debian.org/debian trixie/main arm64 perl-modules-5.40 all 5.40.1-6 [3019 kB]
Get:2 http://deb.debian.org/debian trixie/main arm64 libgdbm-compat4t64 arm64 1.24-2 [50.3 kB]
Get:3 http://deb.debian.org/debian trixie/main arm64 libperl5.40 arm64 5.40.1-6 [4142 kB]
Get:4 http://deb.debian.org/debian trixie/main arm64 perl arm64 5.40.1-6 [267 kB]
Get:5 http://deb.debian.org/debian trixie/main arm64 libapr1t64 arm64 1.7.5-1 [97.1 kB]
Get:6 http://deb.debian.org/debian trixie/main arm64 libexpat1 arm64 2.7.1-2 [93.3 kB]
Get:7 http://deb.debian.org/debian trixie/main arm64 libaprutil1t64 arm64 1.6.3-3+b1 [86.2 kB]
Get:8 http://deb.debian.org/debian trixie/main arm64 libaprutil1-dbd-sqlite3 arm64 1.6.3-3+b1 [14.2 kB]
Get:9 http://deb.debian.org/debian trixie/main arm64 libsasl2-modules-db arm64 2.1.28+dfsg1-9 [20.1 kB]
Get:10 http://deb.debian.org/debian trixie/main arm64 libsasl2-2 arm64 2.1.28+dfsg1-9 [55.6 kB]
Get:11 http://deb.debian.org/debian trixie/main arm64 libldap2 arm64 2.6.10+dfsg-1 [179 kB]
Get:12 http://deb.debian.org/debian trixie/main arm64 libaprutil1-ldap arm64 1.6.3-3+b1 [12.4 kB]
Get:13 http://deb.debian.org/debian trixie/main arm64 libbrotli1 arm64 1.1.0-2+b7 [308 kB]
Get:14 http://deb.debian.org/debian trixie/main arm64 libunistring5 arm64 1.3-2 [453 kB]
Get:15 http://deb.debian.org/debian trixie/main arm64 libidn2-0 arm64 2.3.8-2 [107 kB]
Get:16 http://deb.debian.org/debian-security trixie-security/main arm64 libnghttp2-14 arm64 1.64.0-1.1+deb13u1 [71.6 kB]
Get:17 http://deb.debian.org/debian trixie/main arm64 libnghttp3-9 arm64 1.8.0-1 [63.2 kB]
Get:18 http://deb.debian.org/debian trixie/main arm64 libpsl5t64 arm64 0.21.2-1.1+b1 [57.1 kB]
Get:19 http://deb.debian.org/debian trixie/main arm64 libp11-kit0 arm64 0.25.5-3 [409 kB]
Get:20 http://deb.debian.org/debian trixie/main arm64 libtasn1-6 arm64 4.20.0-2 [47.3 kB]
Get:21 http://deb.debian.org/debian-security trixie-security/main arm64 libgnutls30t64 arm64 3.8.9-3+deb13u4 [1379 kB]
Get:22 http://deb.debian.org/debian trixie/main arm64 librtmp1 arm64 2.4+20151223.gitfa8646d.1-2+b5 [56.8 kB]
Get:23 http://deb.debian.org/debian trixie/main arm64 libssh2-1t64 arm64 1.11.1-1 [235 kB]
Get:24 http://deb.debian.org/debian trixie/main arm64 libcurl4t64 arm64 8.14.1-2+deb13u3 [359 kB]
Get:25 http://deb.debian.org/debian trixie/main arm64 libjansson4 arm64 2.14-2+b3 [39.2 kB]
Get:26 http://deb.debian.org/debian trixie/main arm64 liblua5.4-0 arm64 5.4.7-1+b2 [134 kB]
Get:27 http://deb.debian.org/debian trixie/main arm64 libxml2 arm64 2.12.7+dfsg+really2.9.14-2.1+deb13u2 [630 kB]
Get:28 http://deb.debian.org/debian trixie/main arm64 apache2-bin arm64 2.4.67-1~deb13u2 [1301 kB]
Get:29 http://deb.debian.org/debian trixie/main arm64 apache2-data all 2.4.67-1~deb13u2 [160 kB]
Get:30 http://deb.debian.org/debian trixie/main arm64 apache2-utils arm64 2.4.67-1~deb13u2 [215 kB]
Get:31 http://deb.debian.org/debian trixie/main arm64 media-types all 13.0.0 [29.3 kB]
Get:32 http://deb.debian.org/debian trixie/main arm64 apache2 arm64 2.4.67-1~deb13u2 [226 kB]
Fetched 14.3 MB in 3s (4894 kB/s)
Selecting previously unselected package perl-modules-5.40.
(Reading database ... 
(Reading database ... 5%
(Reading database ... 10%
(Reading database ... 15%
(Reading database ... 20%
(Reading database ... 25%
(Reading database ... 30%
(Reading database ... 35%
(Reading database ... 40%
(Reading database ... 45%
(Reading database ... 50%
(Reading database ... 55%
(Reading database ... 60%
(Reading database ... 65%
(Reading database ... 70%
(Reading database ... 75%
(Reading database ... 80%
(Reading database ... 85%
(Reading database ... 90%
(Reading database ... 95%
(Reading database ... 100%
(Reading database ... 7039 files and directories currently installed.)
Preparing to unpack .../00-perl-modules-5.40_5.40.1-6_all.deb ...
Unpacking perl-modules-5.40 (5.40.1-6) ...
Selecting previously unselected package libgdbm-compat4t64:arm64.
Preparing to unpack .../01-libgdbm-compat4t64_1.24-2_arm64.deb ...
Unpacking libgdbm-compat4t64:arm64 (1.24-2) ...
Selecting previously unselected package libperl5.40:arm64.
Preparing to unpack .../02-libperl5.40_5.40.1-6_arm64.deb ...
Unpacking libperl5.40:arm64 (5.40.1-6) ...
Selecting previously unselected package perl.
Preparing to unpack .../03-perl_5.40.1-6_arm64.deb ...
Unpacking perl (5.40.1-6) ...
Selecting previously unselected package libapr1t64:arm64.
Preparing to unpack .../04-libapr1t64_1.7.5-1_arm64.deb ...
Unpacking libapr1t64:arm64 (1.7.5-1) ...
Selecting previously unselected package libexpat1:arm64.
Preparing to unpack .../05-libexpat1_2.7.1-2_arm64.deb ...
Unpacking libexpat1:arm64 (2.7.1-2) ...
Selecting previously unselected package libaprutil1t64:arm64.
Preparing to unpack .../06-libaprutil1t64_1.6.3-3+b1_arm64.deb ...
Unpacking libaprutil1t64:arm64 (1.6.3-3+b1) ...
Selecting previously unselected package libaprutil1-dbd-sqlite3:arm64.
Preparing to unpack .../07-libaprutil1-dbd-sqlite3_1.6.3-3+b1_arm64.deb ...
Unpacking libaprutil1-dbd-sqlite3:arm64 (1.6.3-3+b1) ...
Selecting previously unselected package libsasl2-modules-db:arm64.
Preparing to unpack .../08-libsasl2-modules-db_2.1.28+dfsg1-9_arm64.deb ...
Unpacking libsasl2-modules-db:arm64 (2.1.28+dfsg1-9) ...
Selecting previously unselected package libsasl2-2:arm64.
Preparing to unpack .../09-libsasl2-2_2.1.28+dfsg1-9_arm64.deb ...
Unpacking libsasl2-2:arm64 (2.1.28+dfsg1-9) ...
Selecting previously unselected package libldap2:arm64.
Preparing to unpack .../10-libldap2_2.6.10+dfsg-1_arm64.deb ...
Unpacking libldap2:arm64 (2.6.10+dfsg-1) ...
Selecting previously unselected package libaprutil1-ldap:arm64.
Preparing to unpack .../11-libaprutil1-ldap_1.6.3-3+b1_arm64.deb ...
Unpacking libaprutil1-ldap:arm64 (1.6.3-3+b1) ...
Selecting previously unselected package libbrotli1:arm64.
Preparing to unpack .../12-libbrotli1_1.1.0-2+b7_arm64.deb ...
Unpacking libbrotli1:arm64 (1.1.0-2+b7) ...
Selecting previously unselected package libunistring5:arm64.
Preparing to unpack .../13-libunistring5_1.3-2_arm64.deb ...
Unpacking libunistring5:arm64 (1.3-2) ...
Selecting previously unselected package libidn2-0:arm64.
Preparing to unpack .../14-libidn2-0_2.3.8-2_arm64.deb ...
Unpacking libidn2-0:arm64 (2.3.8-2) ...
Selecting previously unselected package libnghttp2-14:arm64.
Preparing to unpack .../15-libnghttp2-14_1.64.0-1.1+deb13u1_arm64.deb ...
Unpacking libnghttp2-14:arm64 (1.64.0-1.1+deb13u1) ...
Selecting previously unselected package libnghttp3-9:arm64.
Preparing to unpack .../16-libnghttp3-9_1.8.0-1_arm64.deb ...
Unpacking libnghttp3-9:arm64 (1.8.0-1) ...
Selecting previously unselected package libpsl5t64:arm64.
Preparing to unpack .../17-libpsl5t64_0.21.2-1.1+b1_arm64.deb ...
Unpacking libpsl5t64:arm64 (0.21.2-1.1+b1) ...
Selecting previously unselected package libp11-kit0:arm64.
Preparing to unpack .../18-libp11-kit0_0.25.5-3_arm64.deb ...
Unpacking libp11-kit0:arm64 (0.25.5-3) ...
Selecting previously unselected package libtasn1-6:arm64.
Preparing to unpack .../19-libtasn1-6_4.20.0-2_arm64.deb ...
Unpacking libtasn1-6:arm64 (4.20.0-2) ...
Selecting previously unselected package libgnutls30t64:arm64.
Preparing to unpack .../20-libgnutls30t64_3.8.9-3+deb13u4_arm64.deb ...
Unpacking libgnutls30t64:arm64 (3.8.9-3+deb13u4) ...
Selecting previously unselected package librtmp1:arm64.
Preparing to unpack .../21-librtmp1_2.4+20151223.gitfa8646d.1-2+b5_arm64.deb ...
Unpacking librtmp1:arm64 (2.4+20151223.gitfa8646d.1-2+b5) ...
Selecting previously unselected package libssh2-1t64:arm64.
Preparing to unpack .../22-libssh2-1t64_1.11.1-1_arm64.deb ...
Unpacking libssh2-1t64:arm64 (1.11.1-1) ...
Selecting previously unselected package libcurl4t64:arm64.
Preparing to unpack .../23-libcurl4t64_8.14.1-2+deb13u3_arm64.deb ...
Unpacking libcurl4t64:arm64 (8.14.1-2+deb13u3) ...
Selecting previously unselected package libjansson4:arm64.
Preparing to unpack .../24-libjansson4_2.14-2+b3_arm64.deb ...
Unpacking libjansson4:arm64 (2.14-2+b3) ...
Selecting previously unselected package liblua5.4-0:arm64.
Preparing to unpack .../25-liblua5.4-0_5.4.7-1+b2_arm64.deb ...
Unpacking liblua5.4-0:arm64 (5.4.7-1+b2) ...
Selecting previously unselected package libxml2:arm64.
Preparing to unpack .../26-libxml2_2.12.7+dfsg+really2.9.14-2.1+deb13u2_arm64.deb ...
Unpacking libxml2:arm64 (2.12.7+dfsg+really2.9.14-2.1+deb13u2) ...
Selecting previously unselected package apache2-bin.
Preparing to unpack .../27-apache2-bin_2.4.67-1~deb13u2_arm64.deb ...
Unpacking apache2-bin (2.4.67-1~deb13u2) ...
Selecting previously unselected package apache2-data.
Preparing to unpack .../28-apache2-data_2.4.67-1~deb13u2_all.deb ...
Unpacking apache2-data (2.4.67-1~deb13u2) ...
Selecting previously unselected package apache2-utils.
Preparing to unpack .../29-apache2-utils_2.4.67-1~deb13u2_arm64.deb ...
Unpacking apache2-utils (2.4.67-1~deb13u2) ...
Selecting previously unselected package media-types.
Preparing to unpack .../30-media-types_13.0.0_all.deb ...
Unpacking media-types (13.0.0) ...
Selecting previously unselected package apache2.
Preparing to unpack .../31-apache2_2.4.67-1~deb13u2_arm64.deb ...
Unpacking apache2 (2.4.67-1~deb13u2) ...
Setting up libexpat1:arm64 (2.7.1-2) ...
Setting up media-types (13.0.0) ...
Setting up libgdbm-compat4t64:arm64 (1.24-2) ...
Setting up libbrotli1:arm64 (1.1.0-2+b7) ...
Setting up libnghttp2-14:arm64 (1.64.0-1.1+deb13u1) ...
Setting up libjansson4:arm64 (2.14-2+b3) ...
Setting up libsasl2-modules-db:arm64 (2.1.28+dfsg1-9) ...
Setting up libp11-kit0:arm64 (0.25.5-3) ...
Setting up libunistring5:arm64 (1.3-2) ...
Setting up libsasl2-2:arm64 (2.1.28+dfsg1-9) ...
Setting up libnghttp3-9:arm64 (1.8.0-1) ...
Setting up perl-modules-5.40 (5.40.1-6) ...
Setting up libapr1t64:arm64 (1.7.5-1) ...
Setting up libtasn1-6:arm64 (4.20.0-2) ...
Setting up liblua5.4-0:arm64 (5.4.7-1+b2) ...
Setting up apache2-data (2.4.67-1~deb13u2) ...
Setting up libssh2-1t64:arm64 (1.11.1-1) ...
Setting up libxml2:arm64 (2.12.7+dfsg+really2.9.14-2.1+deb13u2) ...
Setting up libldap2:arm64 (2.6.10+dfsg-1) ...
Setting up libaprutil1t64:arm64 (1.6.3-3+b1) ...
Setting up libidn2-0:arm64 (2.3.8-2) ...
Setting up libaprutil1-ldap:arm64 (1.6.3-3+b1) ...
Setting up libaprutil1-dbd-sqlite3:arm64 (1.6.3-3+b1) ...
Setting up libperl5.40:arm64 (5.40.1-6) ...
Setting up perl (5.40.1-6) ...
Setting up apache2-utils (2.4.67-1~deb13u2) ...
Setting up libgnutls30t64:arm64 (3.8.9-3+deb13u4) ...
Setting up libpsl5t64:arm64 (0.21.2-1.1+b1) ...
Setting up librtmp1:arm64 (2.4+20151223.gitfa8646d.1-2+b5) ...
Setting up libcurl4t64:arm64 (8.14.1-2+deb13u3) ...
Setting up apache2-bin (2.4.67-1~deb13u2) ...
Setting up apache2 (2.4.67-1~deb13u2) ...
Enabling module mpm_event.
Enabling module authz_core.
Enabling module authz_host.
Enabling module authn_core.
Enabling module auth_basic.
Enabling module access_compat.
Enabling module authn_file.
Enabling module authz_user.
Enabling module alias.
Enabling module dir.
Enabling module autoindex.
Enabling module env.
Enabling module mime.
Enabling module negotiation.
Enabling module setenvif.
Enabling module filter.
Enabling module deflate.
Enabling module status.
Enabling module reqtimeout.
Enabling conf charset.
Enabling conf localized-error-pages.
Enabling conf other-vhosts-access-log.
Enabling conf security.
Enabling conf serve-cgi-bin.
Enabling site 000-default.
invoke-rc.d: could not determine current runlevel
invoke-rc.d: policy-rc.d denied execution of start.
Created symlink '/etc/systemd/system/multi-user.target.wants/apache2.service' → '/usr/lib/systemd/system/apache2.service'.
Created symlink '/etc/systemd/system/multi-user.target.wants/apache-htcacheclean.service' → '/usr/lib/systemd/system/apache-htcacheclean.service'.
Processing triggers for libc-bin (2.41-12+deb13u3) ...
Starting Apache httpd web server: apache2.

--- stderr ---
AH00558: apache2: Could not reliably determine the server's fully qualified domain name, using 172.17.0.3. Set the 'ServerName' directive globally to suppress this message

