$ 
set -e
if command -v apk >/dev/null 2>&1; then
  apk add --no-cache openssh openssh-server shadow
elif command -v apt-get >/dev/null 2>&1; then
  apt-get update
  # --no-install-recommends keeps the install to the openssh tree only;
  # without it apt drags in systemd + dbus + krb5 + 50 more packages and
  # the slim container runs out of cache space.
  DEBIAN_FRONTEND=noninteractive apt-get install -y --no-install-recommends     openssh-server openssh-client
else
  echo "no supported package manager (apk, apt-get)" 1>&2
  exit 1
fi
mkdir -p /run/sshd /var/run/sshd
ssh-keygen -A
sed -i 's/^#*PasswordAuthentication.*/PasswordAuthentication yes/' /etc/ssh/sshd_config
sed -i 's/^#*PermitRootLogin.*/PermitRootLogin no/' /etc/ssh/sshd_config
/usr/sbin/sshd
sleep 1
(ss -lnt 2>/dev/null || netstat -lnt 2>/dev/null) | grep :22
echo openssh_install_done

exit_code: 1
--- stdout ---
Hit:1 http://deb.debian.org/debian trixie InRelease
Get:2 http://deb.debian.org/debian trixie-updates InRelease [47.3 kB]
Get:3 http://deb.debian.org/debian-security trixie-security InRelease [43.4 kB]
Get:4 http://deb.debian.org/debian trixie/main arm64 Packages [9608 kB]
Get:5 http://deb.debian.org/debian trixie-updates/main arm64 Packages [5404 B]
Get:6 http://deb.debian.org/debian-security trixie-security/main arm64 Packages [196 kB]
Fetched 9900 kB in 3s (3456 kB/s)
Reading package lists...
Reading package lists...
Building dependency tree...
Reading state information...
The following additional packages will be installed:
  libapparmor1 libcbor0.10 libcom-err2 libedit2 libfido2-1 libgssapi-krb5-2
  libk5crypto3 libkeyutils1 libkrb5-3 libkrb5support0 libproc2-0
  libsystemd-shared libtext-charwidth-perl libtext-wrapi18n-perl libwrap0
  libwtmpdb0 openssh-sftp-server procps runit-helper sensible-utils systemd
  ucf
Suggested packages:
  krb5-doc krb5-user libarchive13t64 libbpf1 libcryptsetup12 libdw1t64
  libelf1t64 libgcrypt20 libidn2-0 libip4tc2 libp11-kit0 libpwquality1
  libqrencode4 libtss2-rc0t64 keychain libpam-ssh monkeysphere ssh-askpass
  molly-guard ufw systemd-container systemd-homed systemd-userdbd systemd-boot
  systemd-resolved systemd-repart libtss2-tcti-device0 polkitd
Recommended packages:
  krb5-locales libkmod2 xauth default-logind | logind | libpam-systemd
  ncurses-term psmisc linux-sysctl-defaults default-dbus-system-bus
  | dbus-system-bus systemd-timesyncd | time-daemon systemd-cryptsetup
The following NEW packages will be installed:
  libapparmor1 libcbor0.10 libcom-err2 libedit2 libfido2-1 libgssapi-krb5-2
  libk5crypto3 libkeyutils1 libkrb5-3 libkrb5support0 libproc2-0
  libsystemd-shared libtext-charwidth-perl libtext-wrapi18n-perl libwrap0
  libwtmpdb0 openssh-client openssh-server openssh-sftp-server procps
  runit-helper sensible-utils systemd ucf
0 upgraded, 24 newly installed, 0 to remove and 0 not upgraded.
Need to get 8301 kB of archives.
After this operation, 37.1 MB of additional disk space will be used.
Get:1 http://deb.debian.org/debian trixie/main arm64 libsystemd-shared arm64 257.13-1~deb13u1 [1922 kB]
Get:2 http://deb.debian.org/debian trixie/main arm64 libapparmor1 arm64 4.1.0-1 [42.9 kB]
Get:3 http://deb.debian.org/debian trixie/main arm64 systemd arm64 257.13-1~deb13u1 [2921 kB]
Get:4 http://deb.debian.org/debian trixie/main arm64 libedit2 arm64 3.1-20250104-1 [89.3 kB]
Get:5 http://deb.debian.org/debian trixie/main arm64 libcbor0.10 arm64 0.10.2-2 [27.4 kB]
Get:6 http://deb.debian.org/debian trixie/main arm64 libfido2-1 arm64 1.15.0-1+b1 [74.3 kB]
Get:7 http://deb.debian.org/debian-security trixie-security/main arm64 libkrb5support0 arm64 1.21.3-5+deb13u1 [32.5 kB]
Get:8 http://deb.debian.org/debian trixie/main arm64 libcom-err2 arm64 1.47.2-3+b11 [24.9 kB]
Get:9 http://deb.debian.org/debian-security trixie-security/main arm64 libk5crypto3 arm64 1.21.3-5+deb13u1 [81.4 kB]
Get:10 http://deb.debian.org/debian trixie/main arm64 libkeyutils1 arm64 1.6.3-6 [9716 B]
Get:11 http://deb.debian.org/debian-security trixie-security/main arm64 libkrb5-3 arm64 1.21.3-5+deb13u1 [308 kB]
Get:12 http://deb.debian.org/debian-security trixie-security/main arm64 libgssapi-krb5-2 arm64 1.21.3-5+deb13u1 [128 kB]
Get:13 http://deb.debian.org/debian trixie/main arm64 openssh-client arm64 1:10.0p1-7+deb13u4 [927 kB]
Get:14 http://deb.debian.org/debian trixie/main arm64 openssh-sftp-server arm64 1:10.0p1-7+deb13u4 [60.6 kB]
Get:15 http://deb.debian.org/debian trixie/main arm64 libproc2-0 arm64 2:4.0.4-9 [62.8 kB]
Get:16 http://deb.debian.org/debian trixie/main arm64 procps arm64 2:4.0.4-9 [871 kB]
Get:17 http://deb.debian.org/debian trixie/main arm64 libtext-charwidth-perl arm64 0.04-11+b4 [9652 B]
Get:18 http://deb.debian.org/debian trixie/main arm64 libtext-wrapi18n-perl all 0.06-10 [8808 B]
Get:19 http://deb.debian.org/debian trixie/main arm64 sensible-utils all 0.0.25 [25.0 kB]
Get:20 http://deb.debian.org/debian trixie/main arm64 ucf all 3.0052 [43.3 kB]
Get:21 http://deb.debian.org/debian trixie/main arm64 runit-helper all 2.16.4 [7296 B]
Get:22 http://deb.debian.org/debian trixie/main arm64 libwrap0 arm64 7.6.q-36 [55.0 kB]
Get:23 http://deb.debian.org/debian trixie/main arm64 libwtmpdb0 arm64 0.73.0-3+deb13u1 [12.8 kB]
Get:24 http://deb.debian.org/debian trixie/main arm64 openssh-server arm64 1:10.0p1-7+deb13u4 [555 kB]
Preconfiguring packages ...
Fetched 8301 kB in 2s (3507 kB/s)
Selecting previously unselected package libsystemd-shared:arm64.
(Reading database ... 
(Reading database ... 5%
(Reading database ... 10%
(Reading database ... 15%
(Reading database ... 20%
(Reading database ... 25%
(Reading database ... 30%
(Reading database ... 35%
(Reading database ... 40%
(Reading database ... 45%
(Reading database ... 50%
(Reading database ... 55%
(Reading database ... 60%
(Reading database ... 65%
(Reading database ... 70%
(Reading database ... 75%
(Reading database ... 80%
(Reading database ... 85%
(Reading database ... 90%
(Reading database ... 95%
(Reading database ... 100%
(Reading database ... 5642 files and directories currently installed.)
Preparing to unpack .../libsystemd-shared_257.13-1~deb13u1_arm64.deb ...
Unpacking libsystemd-shared:arm64 (257.13-1~deb13u1) ...
Selecting previously unselected package libapparmor1:arm64.
Preparing to unpack .../libapparmor1_4.1.0-1_arm64.deb ...
Unpacking libapparmor1:arm64 (4.1.0-1) ...
Setting up libsystemd-shared:arm64 (257.13-1~deb13u1) ...
Selecting previously unselected package systemd.
(Reading database ... 
(Reading database ... 5%
(Reading database ... 10%
(Reading database ... 15%
(Reading database ... 20%
(Reading database ... 25%
(Reading database ... 30%
(Reading database ... 35%
(Reading database ... 40%
(Reading database ... 45%
(Reading database ... 50%
(Reading database ... 55%
(Reading database ... 60%
(Reading database ... 65%
(Reading database ... 70%
(Reading database ... 75%
(Reading database ... 80%
(Reading database ... 85%
(Reading database ... 90%
(Reading database ... 95%
(Reading database ... 100%
(Reading database ... 5655 files and directories currently installed.)
Preparing to unpack .../00-systemd_257.13-1~deb13u1_arm64.deb ...
Unpacking systemd (257.13-1~deb13u1) ...
Selecting previously unselected package libedit2:arm64.
Preparing to unpack .../01-libedit2_3.1-20250104-1_arm64.deb ...
Unpacking libedit2:arm64 (3.1-20250104-1) ...
Selecting previously unselected package libcbor0.10:arm64.
Preparing to unpack .../02-libcbor0.10_0.10.2-2_arm64.deb ...
Unpacking libcbor0.10:arm64 (0.10.2-2) ...
Selecting previously unselected package libfido2-1:arm64.
Preparing to unpack .../03-libfido2-1_1.15.0-1+b1_arm64.deb ...
Unpacking libfido2-1:arm64 (1.15.0-1+b1) ...
Selecting previously unselected package libkrb5support0:arm64.
Preparing to unpack .../04-libkrb5support0_1.21.3-5+deb13u1_arm64.deb ...
Unpacking libkrb5support0:arm64 (1.21.3-5+deb13u1) ...
Selecting previously unselected package libcom-err2:arm64.
Preparing to unpack .../05-libcom-err2_1.47.2-3+b11_arm64.deb ...
Unpacking libcom-err2:arm64 (1.47.2-3+b11) ...
Selecting previously unselected package libk5crypto3:arm64.
Preparing to unpack .../06-libk5crypto3_1.21.3-5+deb13u1_arm64.deb ...
Unpacking libk5crypto3:arm64 (1.21.3-5+deb13u1) ...
Selecting previously unselected package libkeyutils1:arm64.
Preparing to unpack .../07-libkeyutils1_1.6.3-6_arm64.deb ...
Unpacking libkeyutils1:arm64 (1.6.3-6) ...
Selecting previously unselected package libkrb5-3:arm64.
Preparing to unpack .../08-libkrb5-3_1.21.3-5+deb13u1_arm64.deb ...
Unpacking libkrb5-3:arm64 (1.21.3-5+deb13u1) ...
Selecting previously unselected package libgssapi-krb5-2:arm64.
Preparing to unpack .../09-libgssapi-krb5-2_1.21.3-5+deb13u1_arm64.deb ...
Unpacking libgssapi-krb5-2:arm64 (1.21.3-5+deb13u1) ...
Selecting previously unselected package openssh-client.
Preparing to unpack .../10-openssh-client_1%3a10.0p1-7+deb13u4_arm64.deb ...
Unpacking openssh-client (1:10.0p1-7+deb13u4) ...
Selecting previously unselected package openssh-sftp-server.
Preparing to unpack .../11-openssh-sftp-server_1%3a10.0p1-7+deb13u4_arm64.deb ...
Unpacking openssh-sftp-server (1:10.0p1-7+deb13u4) ...
Selecting previously unselected package libproc2-0:arm64.
Preparing to unpack .../12-libproc2-0_2%3a4.0.4-9_arm64.deb ...
Unpacking libproc2-0:arm64 (2:4.0.4-9) ...
Selecting previously unselected package procps.
Preparing to unpack .../13-procps_2%3a4.0.4-9_arm64.deb ...
Unpacking procps (2:4.0.4-9) ...
Selecting previously unselected package libtext-charwidth-perl:arm64.
Preparing to unpack .../14-libtext-charwidth-perl_0.04-11+b4_arm64.deb ...
Unpacking libtext-charwidth-perl:arm64 (0.04-11+b4) ...
Selecting previously unselected package libtext-wrapi18n-perl.
Preparing to unpack .../15-libtext-wrapi18n-perl_0.06-10_all.deb ...
Unpacking libtext-wrapi18n-perl (0.06-10) ...
Selecting previously unselected package sensible-utils.
Preparing to unpack .../16-sensible-utils_0.0.25_all.deb ...
Unpacking sensible-utils (0.0.25) ...
Selecting previously unselected package ucf.
Preparing to unpack .../17-ucf_3.0052_all.deb ...
Moving old data out of the way
Unpacking ucf (3.0052) ...
Selecting previously unselected package runit-helper.
Preparing to unpack .../18-runit-helper_2.16.4_all.deb ...
Unpacking runit-helper (2.16.4) ...
Selecting previously unselected package libwrap0:arm64.
Preparing to unpack .../19-libwrap0_7.6.q-36_arm64.deb ...
Unpacking libwrap0:arm64 (7.6.q-36) ...
Selecting previously unselected package libwtmpdb0:arm64.
Preparing to unpack .../20-libwtmpdb0_0.73.0-3+deb13u1_arm64.deb ...
Unpacking libwtmpdb0:arm64 (0.73.0-3+deb13u1) ...
Selecting previously unselected package openssh-server.
Preparing to unpack .../21-openssh-server_1%3a10.0p1-7+deb13u4_arm64.deb ...
Unpacking openssh-server (1:10.0p1-7+deb13u4) ...
Setting up libtext-charwidth-perl:arm64 (0.04-11+b4) ...
Setting up runit-helper (2.16.4) ...
Setting up libkeyutils1:arm64 (1.6.3-6) ...
Setting up libapparmor1:arm64 (4.1.0-1) ...
Setting up libcbor0.10:arm64 (0.10.2-2) ...
Setting up libedit2:arm64 (3.1-20250104-1) ...
Setting up systemd (257.13-1~deb13u1) ...
Created symlink '/etc/systemd/system/getty.target.wants/getty@tty1.service' → '/usr/lib/systemd/system/getty@.service'.
Created symlink '/etc/systemd/system/multi-user.target.wants/remote-fs.target' → '/usr/lib/systemd/system/remote-fs.target'.
Created symlink '/etc/systemd/system/sysinit.target.wants/systemd-pstore.service' → '/usr/lib/systemd/system/systemd-pstore.service'.
Initializing machine ID from random generator.
Creating group 'systemd-journal' with GID 999.
Creating group 'systemd-network' with GID 998.
Creating user 'systemd-network' (systemd Network Management) with UID 998 and GID 998.
/usr/lib/tmpfiles.d/legacy.conf:14: Duplicate line for path "/run/lock", ignoring.
Setting up libcom-err2:arm64 (1.47.2-3+b11) ...
Setting up libtext-wrapi18n-perl (0.06-10) ...
Setting up libkrb5support0:arm64 (1.21.3-5+deb13u1) ...
Setting up libwrap0:arm64 (7.6.q-36) ...
Setting up libproc2-0:arm64 (2:4.0.4-9) ...
Setting up libk5crypto3:arm64 (1.21.3-5+deb13u1) ...
Setting up sensible-utils (0.0.25) ...
Setting up procps (2:4.0.4-9) ...
Setting up libwtmpdb0:arm64 (0.73.0-3+deb13u1) ...
Setting up libkrb5-3:arm64 (1.21.3-5+deb13u1) ...
Setting up libfido2-1:arm64 (1.15.0-1+b1) ...
Setting up libgssapi-krb5-2:arm64 (1.21.3-5+deb13u1) ...
Setting up ucf (3.0052) ...
Setting up openssh-client (1:10.0p1-7+deb13u4) ...
Created symlink '/etc/systemd/user/sockets.target.wants/ssh-agent.socket' → '/usr/lib/systemd/user/ssh-agent.socket'.
Setting up openssh-sftp-server (1:10.0p1-7+deb13u4) ...
Setting up openssh-server (1:10.0p1-7+deb13u4) ...
Creating config file /etc/ssh/sshd_config with new version
Creating SSH2 RSA key; this may take some time ...
3072 SHA256:2hA11CbpRtFdQQkqpE7ACLZ66vU4RrD35o8dq0qhRSo root@d3290e62c963 (RSA)
Creating SSH2 ECDSA key; this may take some time ...
256 SHA256:KHeWRVkYjaFHBshgu88FT8tOTUG/zjSAOWMBuwbuPkI root@d3290e62c963 (ECDSA)
Creating SSH2 ED25519 key; this may take some time ...
256 SHA256:QBlqYXyl33f3XQlYqunYrq5YBbhCY9qfLN1oROv0H20 root@d3290e62c963 (ED25519)
Creating user 'sshd' (sshd user) with UID 997 and GID 65534.
runit: ssh: start action denied by policy-rc.d
invoke-rc.d: could not determine current runlevel
invoke-rc.d: policy-rc.d denied execution of start.
Created symlink '/etc/systemd/system/sshd.service' → '/usr/lib/systemd/system/ssh.service'.
Created symlink '/etc/systemd/system/multi-user.target.wants/ssh.service' → '/usr/lib/systemd/system/ssh.service'.
Created symlink '/etc/systemd/system/ssh.service.wants/sshd-keygen.service' → '/usr/lib/systemd/system/sshd-keygen.service'.
Created symlink '/etc/systemd/system/sshd.service.wants/sshd-keygen.service' → '/usr/lib/systemd/system/sshd-keygen.service'.
Created symlink '/etc/systemd/system/sshd@.service.wants/sshd-keygen.service' → '/usr/lib/systemd/system/sshd-keygen.service'.
Created symlink '/etc/systemd/system/ssh.socket.wants/sshd-keygen.service' → '/usr/lib/systemd/system/sshd-keygen.service'.
Processing triggers for libc-bin (2.41-12+deb13u3) ...

--- stderr ---

