$ 
set -e
if command -v apt-get >/dev/null 2>&1; then
  apt-get update
  DEBIAN_FRONTEND=noninteractive apt-get install -y --no-install-recommends \
    default-mysql-server
  service mariadb start || service mysql start || \
    mysqld --datadir=/var/lib/mysql --user=mysql &
elif command -v apk >/dev/null 2>&1; then
  apk add --no-cache mariadb mariadb-client
  mariadb-install-db --user=mysql --datadir=/var/lib/mysql
  mysqld_safe --datadir=/var/lib/mysql &
else
  echo "no supported package manager for mysql install" 1>&2
  exit 1
fi
sleep 4
(ss -lnt 2>/dev/null || netstat -lnt 2>/dev/null) | grep :3306
echo mysql_default_instance_done

exit_code: 0
--- stdout ---
Hit:1 http://deb.debian.org/debian trixie InRelease
Hit:2 http://deb.debian.org/debian trixie-updates InRelease
Hit:3 http://deb.debian.org/debian-security trixie-security InRelease
Reading package lists...
Reading package lists...
Building dependency tree...
Reading state information...
The following additional packages will be installed:
  galera-4 gawk iproute2 libaio1t64 libbpf1 libcap2-bin
  libconfig-inifiles-perl libdbi-perl libelf1t64 liblsof0 libmariadb3 libmnl0
  libmpfr6 libncurses6 libnuma1 libpcre2-posix3 libpopt0 libsigsegv2
  libtirpc-common libtirpc3t64 liburing2 libxtables12 lsof mariadb-client
  mariadb-client-core mariadb-common mariadb-server mariadb-server-compat
  mariadb-server-core mysql-common psmisc rsync socat
Suggested packages:
  gawk-doc python3:any libclone-perl libmldbm-perl libnet-daemon-perl
  libsql-statement-perl mailx mariadb-test netcat-openbsd python3
  python3-braceexpand
Recommended packages:
  libpam-cap libgpm2 libdbd-mariadb-perl | libdbd-mysql-perl
  libterm-readkey-perl libhtml-template-perl mariadb-plugin-provider-bzip2
  mariadb-plugin-provider-lz4 mariadb-plugin-provider-lzma
  mariadb-plugin-provider-lzo mariadb-plugin-provider-snappy pv
The following NEW packages will be installed:
  default-mysql-server galera-4 gawk iproute2 libaio1t64 libbpf1 libcap2-bin
  libconfig-inifiles-perl libdbi-perl libelf1t64 liblsof0 libmariadb3 libmnl0
  libmpfr6 libncurses6 libnuma1 libpcre2-posix3 libpopt0 libsigsegv2
  libtirpc-common libtirpc3t64 liburing2 libxtables12 lsof mariadb-client
  mariadb-client-core mariadb-common mariadb-server mariadb-server-compat
  mariadb-server-core mysql-common psmisc rsync socat
0 upgraded, 34 newly installed, 0 to remove and 0 not upgraded.
Need to get 21.6 MB of archives.
After this operation, 212 MB of additional disk space will be used.
Get:1 http://deb.debian.org/debian trixie/main arm64 galera-4 arm64 26.4.23-0+deb13u1 [774 kB]
Get:2 http://deb.debian.org/debian trixie/main arm64 libmpfr6 arm64 4.2.2-1 [685 kB]
Get:3 http://deb.debian.org/debian trixie/main arm64 libsigsegv2 arm64 2.14-1+b2 [34.3 kB]
Get:4 http://deb.debian.org/debian trixie/main arm64 gawk arm64 1:5.2.1-2+b2 [644 kB]
Get:5 http://deb.debian.org/debian trixie/main arm64 mysql-common all 5.8+1.1.1 [6784 B]
Get:6 http://deb.debian.org/debian trixie/main arm64 mariadb-common all 1:11.8.6-0+deb13u1 [29.5 kB]
Get:7 http://deb.debian.org/debian trixie/main arm64 libelf1t64 arm64 0.192-4 [189 kB]
Get:8 http://deb.debian.org/debian trixie/main arm64 libbpf1 arm64 1:1.5.0-3 [159 kB]
Get:9 http://deb.debian.org/debian trixie/main arm64 libmnl0 arm64 1.0.5-3 [11.9 kB]
Get:10 http://deb.debian.org/debian trixie/main arm64 libtirpc-common all 1.3.6+ds-1 [11.0 kB]
Get:11 http://deb.debian.org/debian trixie/main arm64 libtirpc3t64 arm64 1.3.6+ds-1 [79.1 kB]
Get:12 http://deb.debian.org/debian trixie/main arm64 libxtables12 arm64 1.8.11-2 [30.6 kB]
Get:13 http://deb.debian.org/debian trixie/main arm64 libcap2-bin arm64 1:2.75-10+deb13u1+b1 [35.5 kB]
Get:14 http://deb.debian.org/debian trixie/main arm64 iproute2 arm64 6.15.0-1 [1050 kB]
Get:15 http://deb.debian.org/debian trixie/main arm64 libdbi-perl arm64 1.647-1 [856 kB]
Get:16 http://deb.debian.org/debian trixie/main arm64 liblsof0 arm64 4.99.4+dfsg-2 [128 kB]
Get:17 http://deb.debian.org/debian trixie/main arm64 lsof arm64 4.99.4+dfsg-2 [306 kB]
Get:18 http://deb.debian.org/debian trixie/main arm64 libconfig-inifiles-perl all 3.000003-3 [44.8 kB]
Get:19 http://deb.debian.org/debian trixie/main arm64 libmariadb3 arm64 1:11.8.6-0+deb13u1 [175 kB]
Get:20 http://deb.debian.org/debian trixie/main arm64 libncurses6 arm64 6.5+20250216-2 [96.1 kB]
Get:21 http://deb.debian.org/debian trixie/main arm64 mariadb-client-core arm64 1:11.8.6-0+deb13u1 [887 kB]
Get:22 http://deb.debian.org/debian trixie/main arm64 libpcre2-posix3 arm64 10.46-1~deb13u1 [64.1 kB]
Get:23 http://deb.debian.org/debian trixie/main arm64 mariadb-client arm64 1:11.8.6-0+deb13u1 [3052 kB]
Get:24 http://deb.debian.org/debian trixie/main arm64 libaio1t64 arm64 0.3.113-8+b1 [15.0 kB]
Get:25 http://deb.debian.org/debian trixie/main arm64 libnuma1 arm64 2.0.19-1 [21.6 kB]
Get:26 http://deb.debian.org/debian trixie/main arm64 liburing2 arm64 2.9-1 [26.2 kB]
Get:27 http://deb.debian.org/debian trixie/main arm64 mariadb-server-core arm64 1:11.8.6-0+deb13u1 [7382 kB]
Get:28 http://deb.debian.org/debian trixie/main arm64 psmisc arm64 23.7-2 [265 kB]
Get:29 http://deb.debian.org/debian trixie/main arm64 libpopt0 arm64 1.19+dfsg-2 [42.8 kB]
Get:30 http://deb.debian.org/debian-security trixie-security/main arm64 rsync arm64 3.4.1+ds1-5+deb13u3 [414 kB]
Get:31 http://deb.debian.org/debian trixie/main arm64 socat arm64 1.8.0.3-1 [411 kB]
Get:32 http://deb.debian.org/debian trixie/main arm64 mariadb-server arm64 1:11.8.6-0+deb13u1 [3651 kB]
Get:33 http://deb.debian.org/debian trixie/main arm64 mariadb-server-compat all 1:11.8.6-0+deb13u1 [28.5 kB]
Get:34 http://deb.debian.org/debian trixie/main arm64 default-mysql-server all 1.1.1 [3036 B]
Preconfiguring packages ...
Fetched 21.6 MB in 4s (5274 kB/s)
Selecting previously unselected package galera-4.
(Reading database ... 
(Reading database ... 5%
(Reading database ... 10%
(Reading database ... 15%
(Reading database ... 20%
(Reading database ... 25%
(Reading database ... 30%
(Reading database ... 35%
(Reading database ... 40%
(Reading database ... 45%
(Reading database ... 50%
(Reading database ... 55%
(Reading database ... 60%
(Reading database ... 65%
(Reading database ... 70%
(Reading database ... 75%
(Reading database ... 80%
(Reading database ... 85%
(Reading database ... 90%
(Reading database ... 95%
(Reading database ... 100%
(Reading database ... 10129 files and directories currently installed.)
Preparing to unpack .../galera-4_26.4.23-0+deb13u1_arm64.deb ...
Unpacking galera-4 (26.4.23-0+deb13u1) ...
Selecting previously unselected package libmpfr6:arm64.
Preparing to unpack .../libmpfr6_4.2.2-1_arm64.deb ...
Unpacking libmpfr6:arm64 (4.2.2-1) ...
Selecting previously unselected package libsigsegv2:arm64.
Preparing to unpack .../libsigsegv2_2.14-1+b2_arm64.deb ...
Unpacking libsigsegv2:arm64 (2.14-1+b2) ...
Setting up libmpfr6:arm64 (4.2.2-1) ...
Setting up libsigsegv2:arm64 (2.14-1+b2) ...
Selecting previously unselected package gawk.
(Reading database ... 
(Reading database ... 5%
(Reading database ... 10%
(Reading database ... 15%
(Reading database ... 20%
(Reading database ... 25%
(Reading database ... 30%
(Reading database ... 35%
(Reading database ... 40%
(Reading database ... 45%
(Reading database ... 50%
(Reading database ... 55%
(Reading database ... 60%
(Reading database ... 65%
(Reading database ... 70%
(Reading database ... 75%
(Reading database ... 80%
(Reading database ... 85%
(Reading database ... 90%
(Reading database ... 95%
(Reading database ... 100%
(Reading database ... 10159 files and directories currently installed.)
Preparing to unpack .../00-gawk_1%3a5.2.1-2+b2_arm64.deb ...
Unpacking gawk (1:5.2.1-2+b2) ...
Selecting previously unselected package mysql-common.
Preparing to unpack .../01-mysql-common_5.8+1.1.1_all.deb ...
Unpacking mysql-common (5.8+1.1.1) ...
Selecting previously unselected package mariadb-common.
Preparing to unpack .../02-mariadb-common_1%3a11.8.6-0+deb13u1_all.deb ...
Unpacking mariadb-common (1:11.8.6-0+deb13u1) ...
Selecting previously unselected package libelf1t64:arm64.
Preparing to unpack .../03-libelf1t64_0.192-4_arm64.deb ...
Unpacking libelf1t64:arm64 (0.192-4) ...
Selecting previously unselected package libbpf1:arm64.
Preparing to unpack .../04-libbpf1_1%3a1.5.0-3_arm64.deb ...
Unpacking libbpf1:arm64 (1:1.5.0-3) ...
Selecting previously unselected package libmnl0:arm64.
Preparing to unpack .../05-libmnl0_1.0.5-3_arm64.deb ...
Unpacking libmnl0:arm64 (1.0.5-3) ...
Selecting previously unselected package libtirpc-common.
Preparing to unpack .../06-libtirpc-common_1.3.6+ds-1_all.deb ...
Unpacking libtirpc-common (1.3.6+ds-1) ...
Selecting previously unselected package libtirpc3t64:arm64.
Preparing to unpack .../07-libtirpc3t64_1.3.6+ds-1_arm64.deb ...
Adding 'diversion of /lib/aarch64-linux-gnu/libtirpc.so.3 to /lib/aarch64-linux-gnu/libtirpc.so.3.usr-is-merged by libtirpc3t64'
Adding 'diversion of /lib/aarch64-linux-gnu/libtirpc.so.3.0.0 to /lib/aarch64-linux-gnu/libtirpc.so.3.0.0.usr-is-merged by libtirpc3t64'
Unpacking libtirpc3t64:arm64 (1.3.6+ds-1) ...
Selecting previously unselected package libxtables12:arm64.
Preparing to unpack .../08-libxtables12_1.8.11-2_arm64.deb ...
Unpacking libxtables12:arm64 (1.8.11-2) ...
Selecting previously unselected package libcap2-bin.
Preparing to unpack .../09-libcap2-bin_1%3a2.75-10+deb13u1+b1_arm64.deb ...
Unpacking libcap2-bin (1:2.75-10+deb13u1+b1) ...
Selecting previously unselected package iproute2.
Preparing to unpack .../10-iproute2_6.15.0-1_arm64.deb ...
Unpacking iproute2 (6.15.0-1) ...
Selecting previously unselected package libdbi-perl:arm64.
Preparing to unpack .../11-libdbi-perl_1.647-1_arm64.deb ...
Unpacking libdbi-perl:arm64 (1.647-1) ...
Selecting previously unselected package liblsof0.
Preparing to unpack .../12-liblsof0_4.99.4+dfsg-2_arm64.deb ...
Unpacking liblsof0 (4.99.4+dfsg-2) ...
Selecting previously unselected package lsof.
Preparing to unpack .../13-lsof_4.99.4+dfsg-2_arm64.deb ...
Unpacking lsof (4.99.4+dfsg-2) ...
Selecting previously unselected package libconfig-inifiles-perl.
Preparing to unpack .../14-libconfig-inifiles-perl_3.000003-3_all.deb ...
Unpacking libconfig-inifiles-perl (3.000003-3) ...
Selecting previously unselected package libmariadb3:arm64.
Preparing to unpack .../15-libmariadb3_1%3a11.8.6-0+deb13u1_arm64.deb ...
Unpacking libmariadb3:arm64 (1:11.8.6-0+deb13u1) ...
Selecting previously unselected package libncurses6:arm64.
Preparing to unpack .../16-libncurses6_6.5+20250216-2_arm64.deb ...
Unpacking libncurses6:arm64 (6.5+20250216-2) ...
Selecting previously unselected package mariadb-client-core.
Preparing to unpack .../17-mariadb-client-core_1%3a11.8.6-0+deb13u1_arm64.deb ...
Unpacking mariadb-client-core (1:11.8.6-0+deb13u1) ...
Selecting previously unselected package libpcre2-posix3:arm64.
Preparing to unpack .../18-libpcre2-posix3_10.46-1~deb13u1_arm64.deb ...
Unpacking libpcre2-posix3:arm64 (10.46-1~deb13u1) ...
Selecting previously unselected package mariadb-client.
Preparing to unpack .../19-mariadb-client_1%3a11.8.6-0+deb13u1_arm64.deb ...
Unpacking mariadb-client (1:11.8.6-0+deb13u1) ...
Selecting previously unselected package libaio1t64:arm64.
Preparing to unpack .../20-libaio1t64_0.3.113-8+b1_arm64.deb ...
Unpacking libaio1t64:arm64 (0.3.113-8+b1) ...
Selecting previously unselected package libnuma1:arm64.
Preparing to unpack .../21-libnuma1_2.0.19-1_arm64.deb ...
Unpacking libnuma1:arm64 (2.0.19-1) ...
Selecting previously unselected package liburing2:arm64.
Preparing to unpack .../22-liburing2_2.9-1_arm64.deb ...
Unpacking liburing2:arm64 (2.9-1) ...
Selecting previously unselected package mariadb-server-core.
Preparing to unpack .../23-mariadb-server-core_1%3a11.8.6-0+deb13u1_arm64.deb ...
Unpacking mariadb-server-core (1:11.8.6-0+deb13u1) ...
Selecting previously unselected package psmisc.
Preparing to unpack .../24-psmisc_23.7-2_arm64.deb ...
Unpacking psmisc (23.7-2) ...
Selecting previously unselected package libpopt0:arm64.
Preparing to unpack .../25-libpopt0_1.19+dfsg-2_arm64.deb ...
Unpacking libpopt0:arm64 (1.19+dfsg-2) ...
Selecting previously unselected package rsync.
Preparing to unpack .../26-rsync_3.4.1+ds1-5+deb13u3_arm64.deb ...
Unpacking rsync (3.4.1+ds1-5+deb13u3) ...
Selecting previously unselected package socat.
Preparing to unpack .../27-socat_1.8.0.3-1_arm64.deb ...
Unpacking socat (1.8.0.3-1) ...
Setting up mysql-common (5.8+1.1.1) ...
update-alternatives: using /etc/mysql/my.cnf.fallback to provide /etc/mysql/my.cnf (my.cnf) in auto mode
Setting up mariadb-common (1:11.8.6-0+deb13u1) ...
update-alternatives: using /etc/mysql/mariadb.cnf to provide /etc/mysql/my.cnf (my.cnf) in auto mode
Selecting previously unselected package mariadb-server.
(Reading database ... 
(Reading database ... 5%
(Reading database ... 10%
(Reading database ... 15%
(Reading database ... 20%
(Reading database ... 25%
(Reading database ... 30%
(Reading database ... 35%
(Reading database ... 40%
(Reading database ... 45%
(Reading database ... 50%
(Reading database ... 55%
(Reading database ... 60%
(Reading database ... 65%
(Reading database ... 70%
(Reading database ... 75%
(Reading database ... 80%
(Reading database ... 85%
(Reading database ... 90%
(Reading database ... 95%
(Reading database ... 100%
(Reading database ... 11297 files and directories currently installed.)
Preparing to unpack .../mariadb-server_1%3a11.8.6-0+deb13u1_arm64.deb ...
Unpacking mariadb-server (1:11.8.6-0+deb13u1) ...
Selecting previously unselected package mariadb-server-compat.
Preparing to unpack .../mariadb-server-compat_1%3a11.8.6-0+deb13u1_all.deb ...
Unpacking mariadb-server-compat (1:11.8.6-0+deb13u1) ...
Selecting previously unselected package default-mysql-server.
Preparing to unpack .../default-mysql-server_1.1.1_all.deb ...
Unpacking default-mysql-server (1.1.1) ...
Setting up libconfig-inifiles-perl (3.000003-3) ...
Setting up galera-4 (26.4.23-0+deb13u1) ...
Setting up gawk (1:5.2.1-2+b2) ...
Setting up psmisc (23.7-2) ...
Setting up liblsof0 (4.99.4+dfsg-2) ...
Setting up libtirpc-common (1.3.6+ds-1) ...
Setting up libelf1t64:arm64 (0.192-4) ...
Setting up libcap2-bin (1:2.75-10+deb13u1+b1) ...
Setting up socat (1.8.0.3-1) ...
Setting up libncurses6:arm64 (6.5+20250216-2) ...
Setting up libmnl0:arm64 (1.0.5-3) ...
Setting up libmariadb3:arm64 (1:11.8.6-0+deb13u1) ...
Setting up libxtables12:arm64 (1.8.11-2) ...
Setting up libnuma1:arm64 (2.0.19-1) ...
Setting up libpcre2-posix3:arm64 (10.46-1~deb13u1) ...
Setting up libaio1t64:arm64 (0.3.113-8+b1) ...
Setting up liburing2:arm64 (2.9-1) ...
Setting up libbpf1:arm64 (1:1.5.0-3) ...
Setting up libdbi-perl:arm64 (1.647-1) ...
Setting up libpopt0:arm64 (1.19+dfsg-2) ...
Setting up libtirpc3t64:arm64 (1.3.6+ds-1) ...
Setting up iproute2 (6.15.0-1) ...
Setting up mariadb-client-core (1:11.8.6-0+deb13u1) ...
Setting up lsof (4.99.4+dfsg-2) ...
Setting up mariadb-server-core (1:11.8.6-0+deb13u1) ...
Setting up rsync (3.4.1+ds1-5+deb13u3) ...
invoke-rc.d: could not determine current runlevel
invoke-rc.d: policy-rc.d denied execution of start.
Setting up mariadb-client (1:11.8.6-0+deb13u1) ...
Setting up mariadb-server (1:11.8.6-0+deb13u1) ...
invoke-rc.d: could not determine current runlevel
invoke-rc.d: policy-rc.d denied execution of stop.
invoke-rc.d: could not determine current runlevel
invoke-rc.d: policy-rc.d denied execution of start.
Created symlink '/etc/systemd/system/multi-user.target.wants/mariadb.service' → '/usr/lib/systemd/system/mariadb.service'.
Setting up mariadb-server-compat (1:11.8.6-0+deb13u1) ...
Setting up default-mysql-server (1.1.1) ...
Processing triggers for libc-bin (2.41-12+deb13u3) ...
Starting MariaDB database server: mariadbd.
LISTEN 0      80         127.0.0.1:3306      0.0.0.0:*   
mysql_default_instance_done

--- stderr ---

